// Jest Snapshot v1, https://goo.gl/fbAQLP

exports[`Login Snapshot renders 1`] = `
<div
  className="Login"
>
  <div>
    <img
      alt=""
      className="img-responsive center-block"
      src="codex_logo1x.png"
      style={
        Object {
          "margin": "auto",
          "marginBottom": "20%",
          "width": "60%",
        }
      }
    />
  </div>
  <form
    onSubmit={[Function]}
  >
    <div
      className="form-group form-group-lg"
    >
      
    </div>
    <div
      className="form-group form-group-lg"
    >
      <input
        autoFocus="autoFocus"
        className="form-control"
        id="email"
        onChange={[Function]}
        placeholder="Email"
        type="text"
        value=""
      />
    </div>
    <div
      className="form-group form-group-lg"
    >
      <input
        className="form-control"
        id="password"
        onChange={[Function]}
        placeholder="Password"
        style={
          Object {
            "marginBottom": "11%",
          }
        }
        type="password"
        value=""
      />
    </div>
    <button
      className="btn btn-lg btn-primary btn-block"
      disabled={true}
      id="loginBtn"
      type="submit"
    >
      Login
    </button>
  </form>
</div>
`;
