// Jest Snapshot v1, https://goo.gl/fbAQLP

exports[`CreateEventChip  Snapshot renders 1`] = `
<div
  style={
    Object {
      "display": "flex",
      "flexWrap": "wrap",
    }
  }
>
  <div
    className={undefined}
    disabled={undefined}
    onBlur={[Function]}
    onClick={[Function]}
    onFocus={[Function]}
    onKeyDown={[Function]}
    onKeyUp={[Function]}
    onMouseDown={[Function]}
    onMouseEnter={[Function]}
    onMouseLeave={[Function]}
    onMouseUp={[Function]}
    onTouchEnd={[Function]}
    onTouchStart={[Function]}
    style={
      Object {
        "WebkitTapHighlightColor": "rgba(0, 0, 0, 0)",
        "backgroundColor": "rgb(224, 224, 224)",
        "border": 10,
        "borderRadius": 16,
        "boxShadow": null,
        "boxSizing": "border-box",
        "cursor": "pointer",
        "display": "flex",
        "fontFamily": "Roboto, sans-serif",
        "fontSize": "inherit",
        "fontWeight": "inherit",
        "margin": 4,
        "muiPrepared": true,
        "outline": "none",
        "padding": 0,
        "position": "relative",
        "textDecoration": "none",
        "verticalAlign": null,
        "whiteSpace": "nowrap",
        "width": "fit-content",
      }
    }
    tabIndex={0}
  >
    <div
      className={undefined}
      size={32}
      style={
        Object {
          "alignItems": "center",
          "backgroundColor": "rgb(188, 188, 188)",
          "borderRadius": "50%",
          "color": "#ffffff",
          "display": "inline-flex",
          "fontSize": 16,
          "height": 32,
          "justifyContent": "center",
          "marginRight": -4,
          "muiPrepared": true,
          "userSelect": "none",
          "width": 32,
        }
      }
    />
    <span
      style={
        Object {
          "color": "rgba(0, 0, 0, 0.87)",
          "fontSize": 14,
          "fontWeight": 400,
          "lineHeight": "32px",
          "muiPrepared": true,
          "paddingLeft": 12,
          "paddingRight": 12,
          "userSelect": "none",
          "whiteSpace": "nowrap",
        }
      }
    />
    <svg
      onClick={[Function]}
      onMouseEnter={[Function]}
      onMouseLeave={[Function]}
      style={
        Object {
          "color": "rgba(0, 0, 0, 0.26)",
          "cursor": "pointer",
          "display": "inline-block",
          "fill": "rgba(0, 0, 0, 0.26)",
          "height": 24,
          "margin": "4px 4px 0px -8px",
          "muiPrepared": true,
          "transition": "all 450ms cubic-bezier(0.23, 1, 0.32, 1) 0ms",
          "userSelect": "none",
          "width": 24,
        }
      }
      viewBox="0 0 24 24"
    >
      <path
        d="M12 2C6.47 2 2 6.47 2 12s4.47 10 10 10 10-4.47 10-10S17.53 2 12 2zm5 13.59L15.59 17 12 13.41 8.41 17 7 15.59 10.59 12 7 8.41 8.41 7 12 10.59 15.59 7 17 8.41 13.41 12 17 15.59z"
      />
    </svg>
  </div>
</div>
`;
